// Jest Snapshot v1, https://goo.gl/fbAQLP

exports[`validation isIntegerCreator should return an error when value exists but is not treatable as an integer 1`] = `"Must be a whole number"`;

exports[`validation isIntegerCreator should return an error when value exists but is not treatable as an integer 2`] = `"Must be a whole number between 2,147,483,647 and -2,147,483,648"`;

exports[`validation isIntegerCreator should return an error when value exists but is not treatable as an integer 3`] = `"Must be a whole number between 2,147,483,647 and -2,147,483,648"`;

exports[`validation isIntegerCreator should return an error when value exists but is not treatable as an integer 4`] = `"Must be a whole number between 2,147,483,647 and -2,147,483,648"`;

exports[`validation isIntegerCreator should return an error when value exists but is not treatable as an integer 5`] = `"Must be a whole number"`;

exports[`validation isIntegerCreator should return an error when value exists but is not treatable as an integer 6`] = `"Must be a whole number"`;

exports[`validation isIntegerCreator should return an error when value exists but is not treatable as an integer 7`] = `"Must be a whole number"`;

exports[`validation isIntegerCreator should return an error when value exists but is not treatable as an integer 8`] = `"Must be a whole number between 2,147,483,647 and -2,147,483,648"`;

exports[`validation isIntegerCreator should return an error when value exists but is not treatable as an integer 9`] = `"Must be a whole number between 2,147,483,647 and -2,147,483,648"`;

exports[`validation isNumberCreator should return an error when value exists but is not treatable as a numeric value 1`] = `"Value must be a number."`;

exports[`validation isNumberCreator should return an error when value exists but is not treatable as a numeric value 2`] = `"Value must be a number."`;

exports[`validation isNumberCreator should return an error when value exists but is not treatable as a numeric value 3`] = `"Value must be a number."`;
